.............................................................................................................................................................................ss.............................................................................................................................................................ssssssssssss........s.....s...ss.ss................................ssss......s.....s............................................................................s.................................ssssss.................................................s.......................................s....................ssss..............sssss.......................................sssssssssss......................................................................ss...ssss..s...s..s.s........................ssssssssssssss......................................................................................................................................................................................................................................................................................sssss.............s............................................
----------------------------------------------------------------------
Ran 1185 tests in 104.510s

OK (skipped=85)
{
  "trace": "/var/folders/j_/cgptvvk145zdy4jv1wfk5j8r0000gn/T/tmpuwl5hh65/typed.json",
  "policy": "random_baseline",
  "is_model": false,
  "episodes": 1,
  "metrics": [
    {
      "steps": 2,
      "stop_reason": "terminal",
      "total_reward": 2.0,
      "mean_decision_latency_ms": 0.07937499321997166,
      "engine_total_reward": 2.0,
      "elapsed_tics": 8
    }
  ]
}
