test_attempt_is_consumed_even_when_preflight_fails (tests.test_run_frontier_training_v8.DriverFixtures.test_attempt_is_consumed_even_when_preflight_fails) ... ok
test_changed_calibration_labels_initial_identity_reload_or_phase_rejected (tests.test_run_frontier_training_v8.DriverFixtures.test_changed_calibration_labels_initial_identity_reload_or_phase_rejected) ... ok
test_changed_data_checkpoint_and_base_rejected (tests.test_run_frontier_training_v8.DriverFixtures.test_changed_data_checkpoint_and_base_rejected) ... ok
test_changed_plan_or_freeze_bytes_rejected (tests.test_run_frontier_training_v8.DriverFixtures.test_changed_plan_or_freeze_bytes_rejected) ... ok
test_complete_read_only_preflight_and_exact_deferred_command (tests.test_run_frontier_training_v8.DriverFixtures.test_complete_read_only_preflight_and_exact_deferred_command) ... ok
test_dirty_source_and_different_commit_rejected (tests.test_run_frontier_training_v8.DriverFixtures.test_dirty_source_and_different_commit_rejected) ... ok
test_git_environment_cannot_redirect_source (tests.test_run_frontier_training_v8.DriverFixtures.test_git_environment_cannot_redirect_source) ... ok
test_hf_link_must_remain_inside_declared_cache (tests.test_run_frontier_training_v8.DriverFixtures.test_hf_link_must_remain_inside_declared_cache) ... ok
test_incomplete_final_checkpoint_and_special_journal_rejected (tests.test_run_frontier_training_v8.DriverFixtures.test_incomplete_final_checkpoint_and_special_journal_rejected) ... ok
test_incomplete_nonfinite_or_nonmonotonic_optimizer_steps_rejected (tests.test_run_frontier_training_v8.DriverFixtures.test_incomplete_nonfinite_or_nonmonotonic_optimizer_steps_rejected) ... ok
test_old_attempt_protected_node_placeholder_overlap_and_existing_outputs_refused (tests.test_run_frontier_training_v8.DriverFixtures.test_old_attempt_protected_node_placeholder_overlap_and_existing_outputs_refused) ... ok
test_real_trainer_journal_shape_without_options_is_supported (tests.test_run_frontier_training_v8.DriverFixtures.test_real_trainer_journal_shape_without_options_is_supported) ... ok
test_reserved_files_are_never_parsed (tests.test_run_frontier_training_v8.DriverFixtures.test_reserved_files_are_never_parsed) ... ok
test_resource_receipt_flag_cannot_unlock_execution (tests.test_run_frontier_training_v8.DriverFixtures.test_resource_receipt_flag_cannot_unlock_execution) ... ok
test_runtime_lock_platform_or_stage_mutation_rejected (tests.test_run_frontier_training_v8.DriverFixtures.test_runtime_lock_platform_or_stage_mutation_rejected) ... ok
test_runtime_version_or_position_shadowing_rejected (tests.test_run_frontier_training_v8.DriverFixtures.test_runtime_version_or_position_shadowing_rejected) ... ok
test_source_inventory_cannot_claim_other_bytes (tests.test_run_frontier_training_v8.DriverFixtures.test_source_inventory_cannot_claim_other_bytes) ... ok
test_special_manifest_or_plan_rejected_before_open (tests.test_run_frontier_training_v8.DriverFixtures.test_special_manifest_or_plan_rejected_before_open) ... ok
test_symlink_and_special_dataset_leaf_rejected (tests.test_run_frontier_training_v8.DriverFixtures.test_symlink_and_special_dataset_leaf_rejected) ... ok
test_bundle_all_calibration_precedes_heldout_with_four_loads (tests.test_compare_frontier_training_v8.FrontierArithmeticTests.test_bundle_all_calibration_precedes_heldout_with_four_loads) ... ok
test_cli_execute_fails_before_any_input_read (tests.test_compare_frontier_training_v8.FrontierArithmeticTests.test_cli_execute_fails_before_any_input_read) ... ok
test_core_rejects_changed_runtime_and_denominators (tests.test_compare_frontier_training_v8.FrontierArithmeticTests.test_core_rejects_changed_runtime_and_denominators) ... ok
test_inclusive_thresholds_and_floor (tests.test_compare_frontier_training_v8.FrontierArithmeticTests.test_inclusive_thresholds_and_floor) ... ok
test_missing_runtime_fields_and_checkpoint_binding_fail_before_journal (tests.test_compare_frontier_training_v8.FrontierArithmeticTests.test_missing_runtime_fields_and_checkpoint_binding_fail_before_journal) ... ok
test_noul_errors_coverage_and_observed_denominators (tests.test_compare_frontier_training_v8.FrontierArithmeticTests.test_noul_errors_coverage_and_observed_denominators) ... ok
test_paired_threshold_changes_and_all_timing_outliers (tests.test_compare_frontier_training_v8.FrontierArithmeticTests.test_paired_threshold_changes_and_all_timing_outliers) ... ok
test_prediction_bindings_reject_each_mutation (tests.test_compare_frontier_training_v8.FrontierArithmeticTests.test_prediction_bindings_reject_each_mutation) ... ok
test_preflight_recomputes_completion_without_parsing_heldout (tests.test_compare_frontier_training_v8.FrontierArithmeticTests.test_preflight_recomputes_completion_without_parsing_heldout) ... ok
test_preflight_rejects_changed_sources_data_completion_runtime_and_overlap (tests.test_compare_frontier_training_v8.FrontierArithmeticTests.test_preflight_rejects_changed_sources_data_completion_runtime_and_overlap) ... ok
test_safety_all_six_permissive_actions_and_numeric_reporting (tests.test_compare_frontier_training_v8.FrontierArithmeticTests.test_safety_all_six_permissive_actions_and_numeric_reporting) ... ok
test_alignment_detects_content_sequence_logits_and_memory (tests.test_replay_frontier_comparison_v8.ReplayTests.test_alignment_detects_content_sequence_logits_and_memory) ... ok
test_calibration_fit_has_known_optimum_and_split_guard (tests.test_replay_frontier_comparison_v8.ReplayTests.test_calibration_fit_has_known_optimum_and_split_guard) ... ok
test_checkpoint_base_and_adapter_contract (tests.test_replay_frontier_comparison_v8.ReplayTests.test_checkpoint_base_and_adapter_contract) ... ok
test_completed_training_and_unicode_calibration_provenance (tests.test_replay_frontier_comparison_v8.ReplayTests.test_completed_training_and_unicode_calibration_provenance) ... ok
test_completed_training_rejects_claimed_error_and_nonmonotonic_steps (tests.test_replay_frontier_comparison_v8.ReplayTests.test_completed_training_rejects_claimed_error_and_nonmonotonic_steps) ... ok
test_failed_exclusive_replay_remains_consumed (tests.test_replay_frontier_comparison_v8.ReplayTests.test_failed_exclusive_replay_remains_consumed) ... ok
test_inclusive_predicate_and_ties (tests.test_replay_frontier_comparison_v8.ReplayTests.test_inclusive_predicate_and_ties) ... ok
test_inventory_rejects_symlink_fifo_and_unexpected_sources (tests.test_replay_frontier_comparison_v8.ReplayTests.test_inventory_rejects_symlink_fifo_and_unexpected_sources) ... ok
test_known_brier_nll_ece_and_empty (tests.test_replay_frontier_comparison_v8.ReplayTests.test_known_brier_nll_ece_and_empty) ... ok
test_no_model_or_comparator_import_in_independent_replay (tests.test_replay_frontier_comparison_v8.ReplayTests.test_no_model_or_comparator_import_in_independent_replay) ... ok
test_paired_regressions_fixes_and_threshold_changes (tests.test_replay_frontier_comparison_v8.ReplayTests.test_paired_regressions_fixes_and_threshold_changes) ... ok
test_plan_rejects_changed_safety_temperature_runtime_and_timing (tests.test_replay_frontier_comparison_v8.ReplayTests.test_plan_rejects_changed_safety_temperature_runtime_and_timing) ... ok
test_source_freeze_rejects_dirty_tree_and_scrubs_git_environment (tests.test_replay_frontier_comparison_v8.ReplayTests.test_source_freeze_rejects_dirty_tree_and_scrubs_git_environment) ... ok
test_strict_json_nonfinite_and_duplicate_keys (tests.test_replay_frontier_comparison_v8.ReplayTests.test_strict_json_nonfinite_and_duplicate_keys) ... ok
test_timing_keeps_cold_outlier_and_nearest_rank (tests.test_replay_frontier_comparison_v8.ReplayTests.test_timing_keeps_cold_outlier_and_nearest_rank) ... ok
test_exclusive_replay_receipt_with_explicitly_mocked_provenance (tests.test_frontier_v8_comparison_replay_integration.ComparatorReplayIntegrationTests.test_exclusive_replay_receipt_with_explicitly_mocked_provenance) ... ok
test_independent_replay_matches_all_metrics_gates_pairs_and_efficiency (tests.test_frontier_v8_comparison_replay_integration.ComparatorReplayIntegrationTests.test_independent_replay_matches_all_metrics_gates_pairs_and_efficiency) ... ok
test_replay_rejects_rehashed_events_runtime_and_scientific_summary (tests.test_frontier_v8_comparison_replay_integration.ComparatorReplayIntegrationTests.test_replay_rejects_rehashed_events_runtime_and_scientific_summary) ... ok
test_replay_rejects_unbound_journal_sha_and_prediction_order (tests.test_frontier_v8_comparison_replay_integration.ComparatorReplayIntegrationTests.test_replay_rejects_unbound_journal_sha_and_prediction_order) ... ok

----------------------------------------------------------------------
Ran 49 tests in 19.208s

OK
