Collecting accelerate==1.13.0 (from -r /data/zefan/open-jev-v8-linux-runtime-20261003/cpu-install-20261003T110248Z-6e0e0877072e2ff7/attempts/install-r1/pypi-75.lock (line 1))
  Downloading accelerate-1.13.0-py3-none-any.whl.metadata (19 kB)
Collecting aiohappyeyeballs==2.7.1 (from -r /data/zefan/open-jev-v8-linux-runtime-20261003/cpu-install-20261003T110248Z-6e0e0877072e2ff7/attempts/install-r1/pypi-75.lock (line 2))
  Downloading aiohappyeyeballs-2.7.1-py3-none-any.whl.metadata (5.9 kB)
Collecting aiohttp==3.14.3 (from -r /data/zefan/open-jev-v8-linux-runtime-20261003/cpu-install-20261003T110248Z-6e0e0877072e2ff7/attempts/install-r1/pypi-75.lock (line 3))
  Downloading aiohttp-3.14.3-cp311-cp311-manylinux2014_x86_64.manylinux_2_17_x86_64.manylinux_2_28_x86_64.whl.metadata (8.3 kB)
Collecting aiosignal==1.4.0 (from -r /data/zefan/open-jev-v8-linux-runtime-20261003/cpu-install-20261003T110248Z-6e0e0877072e2ff7/attempts/install-r1/pypi-75.lock (line 4))
  Downloading aiosignal-1.4.0-py3-none-any.whl.metadata (3.7 kB)
Collecting annotated-doc==0.0.5 (from -r /data/zefan/open-jev-v8-linux-runtime-20261003/cpu-install-20261003T110248Z-6e0e0877072e2ff7/attempts/install-r1/pypi-75.lock (line 5))
  Downloading annotated_doc-0.0.5-py3-none-any.whl.metadata (6.5 kB)
Collecting anyio==4.15.1 (from -r /data/zefan/open-jev-v8-linux-runtime-20261003/cpu-install-20261003T110248Z-6e0e0877072e2ff7/attempts/install-r1/pypi-75.lock (line 6))
  Downloading anyio-4.15.1-py3-none-any.whl.metadata (4.7 kB)
Collecting attrs==26.1.0 (from -r /data/zefan/open-jev-v8-linux-runtime-20261003/cpu-install-20261003T110248Z-6e0e0877072e2ff7/attempts/install-r1/pypi-75.lock (line 7))
  Downloading attrs-26.1.0-py3-none-any.whl.metadata (8.8 kB)
Collecting certifi==2026.7.22 (from -r /data/zefan/open-jev-v8-linux-runtime-20261003/cpu-install-20261003T110248Z-6e0e0877072e2ff7/attempts/install-r1/pypi-75.lock (line 8))
  Downloading certifi-2026.7.22-py3-none-any.whl.metadata (2.5 kB)
Collecting charset-normalizer==3.5.2 (from -r /data/zefan/open-jev-v8-linux-runtime-20261003/cpu-install-20261003T110248Z-6e0e0877072e2ff7/attempts/install-r1/pypi-75.lock (line 9))
  Downloading charset_normalizer-3.5.2-cp311-cp311-manylinux2014_x86_64.manylinux_2_17_x86_64.manylinux_2_28_x86_64.whl.metadata (46 kB)
     ━━━━━━━━━━━━━━━━━━━━━━━━━━━━━━━━━━━━━━━ 46.4/46.4 kB 314.7 MB/s eta 0:00:00
Collecting click==8.5.0 (from -r /data/zefan/open-jev-v8-linux-runtime-20261003/cpu-install-20261003T110248Z-6e0e0877072e2ff7/attempts/install-r1/pypi-75.lock (line 10))
  Downloading click-8.5.0-py3-none-any.whl.metadata (2.6 kB)
Collecting datasets==5.0.0 (from -r /data/zefan/open-jev-v8-linux-runtime-20261003/cpu-install-20261003T110248Z-6e0e0877072e2ff7/attempts/install-r1/pypi-75.lock (line 11))
  Downloading datasets-5.0.0-py3-none-any.whl.metadata (23 kB)
Collecting dill==0.4.1 (from -r /data/zefan/open-jev-v8-linux-runtime-20261003/cpu-install-20261003T110248Z-6e0e0877072e2ff7/attempts/install-r1/pypi-75.lock (line 12))
  Downloading dill-0.4.1-py3-none-any.whl.metadata (10 kB)
Collecting einops==0.8.2 (from -r /data/zefan/open-jev-v8-linux-runtime-20261003/cpu-install-20261003T110248Z-6e0e0877072e2ff7/attempts/install-r1/pypi-75.lock (line 13))
  Downloading einops-0.8.2-py3-none-any.whl.metadata (13 kB)
Collecting filelock==3.32.3 (from -r /data/zefan/open-jev-v8-linux-runtime-20261003/cpu-install-20261003T110248Z-6e0e0877072e2ff7/attempts/install-r1/pypi-75.lock (line 14))
  Downloading filelock-3.32.3-py3-none-any.whl.metadata (2.0 kB)
Collecting fla-core==0.5.2 (from -r /data/zefan/open-jev-v8-linux-runtime-20261003/cpu-install-20261003T110248Z-6e0e0877072e2ff7/attempts/install-r1/pypi-75.lock (line 15))
  Downloading fla_core-0.5.2-py3-none-any.whl.metadata (45 kB)
     ━━━━━━━━━━━━━━━━━━━━━━━━━━━━━━━━━━━━━━━ 45.3/45.3 kB 312.9 MB/s eta 0:00:00
Collecting flash-linear-attention==0.5.2 (from -r /data/zefan/open-jev-v8-linux-runtime-20261003/cpu-install-20261003T110248Z-6e0e0877072e2ff7/attempts/install-r1/pypi-75.lock (line 16))
  Downloading flash_linear_attention-0.5.2-py3-none-any.whl.metadata (45 kB)
     ━━━━━━━━━━━━━━━━━━━━━━━━━━━━━━━━━━━━━━━ 45.6/45.6 kB 306.1 MB/s eta 0:00:00
Collecting frozenlist==1.8.0 (from -r /data/zefan/open-jev-v8-linux-runtime-20261003/cpu-install-20261003T110248Z-6e0e0877072e2ff7/attempts/install-r1/pypi-75.lock (line 17))
  Downloading frozenlist-1.8.0-cp311-cp311-manylinux1_x86_64.manylinux_2_28_x86_64.manylinux_2_5_x86_64.whl.metadata (20 kB)
Collecting fsspec==2026.4.0 (from -r /data/zefan/open-jev-v8-linux-runtime-20261003/cpu-install-20261003T110248Z-6e0e0877072e2ff7/attempts/install-r1/pypi-75.lock (line 18))
  Downloading fsspec-2026.4.0-py3-none-any.whl.metadata (10 kB)
Collecting h11==0.16.0 (from -r /data/zefan/open-jev-v8-linux-runtime-20261003/cpu-install-20261003T110248Z-6e0e0877072e2ff7/attempts/install-r1/pypi-75.lock (line 19))
  Downloading h11-0.16.0-py3-none-any.whl.metadata (8.3 kB)
Collecting hf-xet==1.6.0 (from -r /data/zefan/open-jev-v8-linux-runtime-20261003/cpu-install-20261003T110248Z-6e0e0877072e2ff7/attempts/install-r1/pypi-75.lock (line 20))
  Downloading hf_xet-1.6.0-cp38-abi3-manylinux2014_x86_64.manylinux_2_17_x86_64.whl.metadata (4.9 kB)
Collecting httpcore==1.0.9 (from -r /data/zefan/open-jev-v8-linux-runtime-20261003/cpu-install-20261003T110248Z-6e0e0877072e2ff7/attempts/install-r1/pypi-75.lock (line 21))
  Downloading httpcore-1.0.9-py3-none-any.whl.metadata (21 kB)
Collecting httpx==0.28.1 (from -r /data/zefan/open-jev-v8-linux-runtime-20261003/cpu-install-20261003T110248Z-6e0e0877072e2ff7/attempts/install-r1/pypi-75.lock (line 22))
  Downloading httpx-0.28.1-py3-none-any.whl.metadata (7.1 kB)
Collecting huggingface-hub==1.33.0 (from -r /data/zefan/open-jev-v8-linux-runtime-20261003/cpu-install-20261003T110248Z-6e0e0877072e2ff7/attempts/install-r1/pypi-75.lock (line 23))
  Downloading huggingface_hub-1.33.0-py3-none-any.whl.metadata (16 kB)
Collecting idna==3.20 (from -r /data/zefan/open-jev-v8-linux-runtime-20261003/cpu-install-20261003T110248Z-6e0e0877072e2ff7/attempts/install-r1/pypi-75.lock (line 24))
  Downloading idna-3.20-py3-none-any.whl.metadata (7.2 kB)
Collecting jinja2==3.1.6 (from -r /data/zefan/open-jev-v8-linux-runtime-20261003/cpu-install-20261003T110248Z-6e0e0877072e2ff7/attempts/install-r1/pypi-75.lock (line 25))
  Downloading jinja2-3.1.6-py3-none-any.whl.metadata (2.9 kB)
Collecting markdown-it-py==4.2.0 (from -r /data/zefan/open-jev-v8-linux-runtime-20261003/cpu-install-20261003T110248Z-6e0e0877072e2ff7/attempts/install-r1/pypi-75.lock (line 26))
  Downloading markdown_it_py-4.2.0-py3-none-any.whl.metadata (7.4 kB)
Collecting markupsafe==3.0.3 (from -r /data/zefan/open-jev-v8-linux-runtime-20261003/cpu-install-20261003T110248Z-6e0e0877072e2ff7/attempts/install-r1/pypi-75.lock (line 27))
  Downloading markupsafe-3.0.3-cp311-cp311-manylinux2014_x86_64.manylinux_2_17_x86_64.manylinux_2_28_x86_64.whl.metadata (2.7 kB)
Collecting mdurl==0.1.2 (from -r /data/zefan/open-jev-v8-linux-runtime-20261003/cpu-install-20261003T110248Z-6e0e0877072e2ff7/attempts/install-r1/pypi-75.lock (line 28))
  Downloading mdurl-0.1.2-py3-none-any.whl.metadata (1.6 kB)
Collecting mpmath==1.3.0 (from -r /data/zefan/open-jev-v8-linux-runtime-20261003/cpu-install-20261003T110248Z-6e0e0877072e2ff7/attempts/install-r1/pypi-75.lock (line 29))
  Downloading mpmath-1.3.0-py3-none-any.whl.metadata (8.6 kB)
Collecting multidict==6.9.1 (from -r /data/zefan/open-jev-v8-linux-runtime-20261003/cpu-install-20261003T110248Z-6e0e0877072e2ff7/attempts/install-r1/pypi-75.lock (line 30))
  Downloading multidict-6.9.1-cp311-cp311-manylinux2014_x86_64.manylinux_2_17_x86_64.manylinux_2_28_x86_64.whl.metadata (5.3 kB)
Collecting multiprocess==0.70.19 (from -r /data/zefan/open-jev-v8-linux-runtime-20261003/cpu-install-20261003T110248Z-6e0e0877072e2ff7/attempts/install-r1/pypi-75.lock (line 31))
  Downloading multiprocess-0.70.19-py311-none-any.whl.metadata (7.5 kB)
Collecting networkx==3.6.1 (from -r /data/zefan/open-jev-v8-linux-runtime-20261003/cpu-install-20261003T110248Z-6e0e0877072e2ff7/attempts/install-r1/pypi-75.lock (line 32))
  Downloading networkx-3.6.1-py3-none-any.whl.metadata (6.8 kB)
Collecting ninja==1.13.0 (from -r /data/zefan/open-jev-v8-linux-runtime-20261003/cpu-install-20261003T110248Z-6e0e0877072e2ff7/attempts/install-r1/pypi-75.lock (line 33))
  Downloading ninja-1.13.0-py3-none-manylinux2014_x86_64.manylinux_2_17_x86_64.whl.metadata (5.1 kB)
Collecting numpy==2.4.6 (from -r /data/zefan/open-jev-v8-linux-runtime-20261003/cpu-install-20261003T110248Z-6e0e0877072e2ff7/attempts/install-r1/pypi-75.lock (line 34))
  Downloading numpy-2.4.6-cp311-cp311-manylinux_2_27_x86_64.manylinux_2_28_x86_64.whl.metadata (6.6 kB)
Collecting nvidia-cublas-cu12==12.8.4.1 (from -r /data/zefan/open-jev-v8-linux-runtime-20261003/cpu-install-20261003T110248Z-6e0e0877072e2ff7/attempts/install-r1/pypi-75.lock (line 35))
  Downloading nvidia_cublas_cu12-12.8.4.1-py3-none-manylinux_2_27_x86_64.whl.metadata (1.7 kB)
Collecting nvidia-cuda-cupti-cu12==12.8.90 (from -r /data/zefan/open-jev-v8-linux-runtime-20261003/cpu-install-20261003T110248Z-6e0e0877072e2ff7/attempts/install-r1/pypi-75.lock (line 36))
  Downloading nvidia_cuda_cupti_cu12-12.8.90-py3-none-manylinux2014_x86_64.manylinux_2_17_x86_64.whl.metadata (1.7 kB)
Collecting nvidia-cuda-nvrtc-cu12==12.8.93 (from -r /data/zefan/open-jev-v8-linux-runtime-20261003/cpu-install-20261003T110248Z-6e0e0877072e2ff7/attempts/install-r1/pypi-75.lock (line 37))
  Downloading nvidia_cuda_nvrtc_cu12-12.8.93-py3-none-manylinux2010_x86_64.manylinux_2_12_x86_64.whl.metadata (1.7 kB)
Collecting nvidia-cuda-runtime-cu12==12.8.90 (from -r /data/zefan/open-jev-v8-linux-runtime-20261003/cpu-install-20261003T110248Z-6e0e0877072e2ff7/attempts/install-r1/pypi-75.lock (line 38))
  Downloading nvidia_cuda_runtime_cu12-12.8.90-py3-none-manylinux2014_x86_64.manylinux_2_17_x86_64.whl.metadata (1.7 kB)
Collecting nvidia-cudnn-cu12==9.10.2.21 (from -r /data/zefan/open-jev-v8-linux-runtime-20261003/cpu-install-20261003T110248Z-6e0e0877072e2ff7/attempts/install-r1/pypi-75.lock (line 39))
  Downloading nvidia_cudnn_cu12-9.10.2.21-py3-none-manylinux_2_27_x86_64.whl.metadata (1.8 kB)
Collecting nvidia-cufft-cu12==11.3.3.83 (from -r /data/zefan/open-jev-v8-linux-runtime-20261003/cpu-install-20261003T110248Z-6e0e0877072e2ff7/attempts/install-r1/pypi-75.lock (line 40))
  Downloading nvidia_cufft_cu12-11.3.3.83-py3-none-manylinux2014_x86_64.manylinux_2_17_x86_64.whl.metadata (1.7 kB)
Collecting nvidia-cufile-cu12==1.13.1.3 (from -r /data/zefan/open-jev-v8-linux-runtime-20261003/cpu-install-20261003T110248Z-6e0e0877072e2ff7/attempts/install-r1/pypi-75.lock (line 41))
  Downloading nvidia_cufile_cu12-1.13.1.3-py3-none-manylinux2014_x86_64.manylinux_2_17_x86_64.whl.metadata (1.7 kB)
Collecting nvidia-curand-cu12==10.3.9.90 (from -r /data/zefan/open-jev-v8-linux-runtime-20261003/cpu-install-20261003T110248Z-6e0e0877072e2ff7/attempts/install-r1/pypi-75.lock (line 42))
  Downloading nvidia_curand_cu12-10.3.9.90-py3-none-manylinux_2_27_x86_64.whl.metadata (1.7 kB)
Collecting nvidia-cusolver-cu12==11.7.3.90 (from -r /data/zefan/open-jev-v8-linux-runtime-20261003/cpu-install-20261003T110248Z-6e0e0877072e2ff7/attempts/install-r1/pypi-75.lock (line 43))
  Downloading nvidia_cusolver_cu12-11.7.3.90-py3-none-manylinux_2_27_x86_64.whl.metadata (1.8 kB)
Collecting nvidia-cusparse-cu12==12.5.8.93 (from -r /data/zefan/open-jev-v8-linux-runtime-20261003/cpu-install-20261003T110248Z-6e0e0877072e2ff7/attempts/install-r1/pypi-75.lock (line 44))
  Downloading nvidia_cusparse_cu12-12.5.8.93-py3-none-manylinux2014_x86_64.manylinux_2_17_x86_64.whl.metadata (1.8 kB)
Collecting nvidia-cusparselt-cu12==0.7.1 (from -r /data/zefan/open-jev-v8-linux-runtime-20261003/cpu-install-20261003T110248Z-6e0e0877072e2ff7/attempts/install-r1/pypi-75.lock (line 45))
  Downloading nvidia_cusparselt_cu12-0.7.1-py3-none-manylinux2014_x86_64.whl.metadata (7.0 kB)
Collecting nvidia-nccl-cu12==2.27.3 (from -r /data/zefan/open-jev-v8-linux-runtime-20261003/cpu-install-20261003T110248Z-6e0e0877072e2ff7/attempts/install-r1/pypi-75.lock (line 46))
  Downloading nvidia_nccl_cu12-2.27.3-py3-none-manylinux2014_x86_64.manylinux_2_17_x86_64.whl.metadata (2.0 kB)
Collecting nvidia-nvjitlink-cu12==12.8.93 (from -r /data/zefan/open-jev-v8-linux-runtime-20261003/cpu-install-20261003T110248Z-6e0e0877072e2ff7/attempts/install-r1/pypi-75.lock (line 47))
  Downloading nvidia_nvjitlink_cu12-12.8.93-py3-none-manylinux2010_x86_64.manylinux_2_12_x86_64.whl.metadata (1.7 kB)
Collecting nvidia-nvtx-cu12==12.8.90 (from -r /data/zefan/open-jev-v8-linux-runtime-20261003/cpu-install-20261003T110248Z-6e0e0877072e2ff7/attempts/install-r1/pypi-75.lock (line 48))
  Downloading nvidia_nvtx_cu12-12.8.90-py3-none-manylinux2014_x86_64.manylinux_2_17_x86_64.whl.metadata (1.8 kB)
Collecting packaging==26.3 (from -r /data/zefan/open-jev-v8-linux-runtime-20261003/cpu-install-20261003T110248Z-6e0e0877072e2ff7/attempts/install-r1/pypi-75.lock (line 49))
  Downloading packaging-26.3-py3-none-any.whl.metadata (3.5 kB)
Collecting pandas==3.0.6 (from -r /data/zefan/open-jev-v8-linux-runtime-20261003/cpu-install-20261003T110248Z-6e0e0877072e2ff7/attempts/install-r1/pypi-75.lock (line 50))
  Downloading pandas-3.0.6-cp311-cp311-manylinux_2_24_x86_64.manylinux_2_28_x86_64.whl.metadata (79 kB)
     ━━━━━━━━━━━━━━━━━━━━━━━━━━━━━━━━━━━━━━━ 79.5/79.5 kB 367.0 MB/s eta 0:00:00
Collecting peft==0.19.1 (from -r /data/zefan/open-jev-v8-linux-runtime-20261003/cpu-install-20261003T110248Z-6e0e0877072e2ff7/attempts/install-r1/pypi-75.lock (line 51))
  Downloading peft-0.19.1-py3-none-any.whl.metadata (15 kB)
Collecting pip==24.0 (from -r /data/zefan/open-jev-v8-linux-runtime-20261003/cpu-install-20261003T110248Z-6e0e0877072e2ff7/attempts/install-r1/pypi-75.lock (line 52))
  Downloading pip-24.0-py3-none-any.whl.metadata (3.6 kB)
Collecting propcache==0.5.4 (from -r /data/zefan/open-jev-v8-linux-runtime-20261003/cpu-install-20261003T110248Z-6e0e0877072e2ff7/attempts/install-r1/pypi-75.lock (line 53))
  Downloading propcache-0.5.4-cp311-cp311-manylinux2014_x86_64.manylinux_2_17_x86_64.manylinux_2_28_x86_64.whl.metadata (25 kB)
Collecting psutil==7.2.2 (from -r /data/zefan/open-jev-v8-linux-runtime-20261003/cpu-install-20261003T110248Z-6e0e0877072e2ff7/attempts/install-r1/pypi-75.lock (line 54))
  Downloading psutil-7.2.2-cp36-abi3-manylinux2010_x86_64.manylinux_2_12_x86_64.manylinux_2_28_x86_64.whl.metadata (22 kB)
Collecting pyarrow==25.0.1 (from -r /data/zefan/open-jev-v8-linux-runtime-20261003/cpu-install-20261003T110248Z-6e0e0877072e2ff7/attempts/install-r1/pypi-75.lock (line 55))
  Downloading pyarrow-25.0.1-cp311-cp311-manylinux_2_28_x86_64.whl.metadata (3.0 kB)
Collecting pygments==2.21.0 (from -r /data/zefan/open-jev-v8-linux-runtime-20261003/cpu-install-20261003T110248Z-6e0e0877072e2ff7/attempts/install-r1/pypi-75.lock (line 56))
  Downloading pygments-2.21.0-py3-none-any.whl.metadata (2.5 kB)
Collecting python-dateutil==2.9.0.post0 (from -r /data/zefan/open-jev-v8-linux-runtime-20261003/cpu-install-20261003T110248Z-6e0e0877072e2ff7/attempts/install-r1/pypi-75.lock (line 57))
  Downloading python_dateutil-2.9.0.post0-py2.py3-none-any.whl.metadata (8.4 kB)
Collecting pyyaml==6.0.3 (from -r /data/zefan/open-jev-v8-linux-runtime-20261003/cpu-install-20261003T110248Z-6e0e0877072e2ff7/attempts/install-r1/pypi-75.lock (line 58))
  Downloading pyyaml-6.0.3-cp311-cp311-manylinux2014_x86_64.manylinux_2_17_x86_64.manylinux_2_28_x86_64.whl.metadata (2.4 kB)
Collecting regex==2026.9.29 (from -r /data/zefan/open-jev-v8-linux-runtime-20261003/cpu-install-20261003T110248Z-6e0e0877072e2ff7/attempts/install-r1/pypi-75.lock (line 59))
  Downloading regex-2026.9.29-cp311-cp311-manylinux2014_x86_64.manylinux_2_17_x86_64.manylinux_2_28_x86_64.whl.metadata (40 kB)
     ━━━━━━━━━━━━━━━━━━━━━━━━━━━━━━━━━━━━━━━ 40.6/40.6 kB 279.9 MB/s eta 0:00:00
Collecting requests==2.34.2 (from -r /data/zefan/open-jev-v8-linux-runtime-20261003/cpu-install-20261003T110248Z-6e0e0877072e2ff7/attempts/install-r1/pypi-75.lock (line 60))
  Downloading requests-2.34.2-py3-none-any.whl.metadata (4.8 kB)
Collecting rich==15.0.0 (from -r /data/zefan/open-jev-v8-linux-runtime-20261003/cpu-install-20261003T110248Z-6e0e0877072e2ff7/attempts/install-r1/pypi-75.lock (line 61))
  Downloading rich-15.0.0-py3-none-any.whl.metadata (18 kB)
Collecting safetensors==0.7.0 (from -r /data/zefan/open-jev-v8-linux-runtime-20261003/cpu-install-20261003T110248Z-6e0e0877072e2ff7/attempts/install-r1/pypi-75.lock (line 62))
  Downloading safetensors-0.7.0-cp38-abi3-manylinux_2_17_x86_64.manylinux2014_x86_64.whl.metadata (4.1 kB)
Collecting setuptools==79.0.1 (from -r /data/zefan/open-jev-v8-linux-runtime-20261003/cpu-install-20261003T110248Z-6e0e0877072e2ff7/attempts/install-r1/pypi-75.lock (line 63))
  Downloading setuptools-79.0.1-py3-none-any.whl.metadata (6.5 kB)
Collecting shellingham==1.5.4 (from -r /data/zefan/open-jev-v8-linux-runtime-20261003/cpu-install-20261003T110248Z-6e0e0877072e2ff7/attempts/install-r1/pypi-75.lock (line 64))
  Downloading shellingham-1.5.4-py2.py3-none-any.whl.metadata (3.5 kB)
Collecting six==1.17.0 (from -r /data/zefan/open-jev-v8-linux-runtime-20261003/cpu-install-20261003T110248Z-6e0e0877072e2ff7/attempts/install-r1/pypi-75.lock (line 65))
  Downloading six-1.17.0-py2.py3-none-any.whl.metadata (1.7 kB)
Collecting sympy==1.14.0 (from -r /data/zefan/open-jev-v8-linux-runtime-20261003/cpu-install-20261003T110248Z-6e0e0877072e2ff7/attempts/install-r1/pypi-75.lock (line 66))
  Downloading sympy-1.14.0-py3-none-any.whl.metadata (12 kB)
Collecting tokenizers==0.22.2 (from -r /data/zefan/open-jev-v8-linux-runtime-20261003/cpu-install-20261003T110248Z-6e0e0877072e2ff7/attempts/install-r1/pypi-75.lock (line 67))
  Downloading tokenizers-0.22.2-cp39-abi3-manylinux_2_17_x86_64.manylinux2014_x86_64.whl.metadata (7.3 kB)
Collecting tqdm==4.70.1 (from -r /data/zefan/open-jev-v8-linux-runtime-20261003/cpu-install-20261003T110248Z-6e0e0877072e2ff7/attempts/install-r1/pypi-75.lock (line 68))
  Downloading tqdm-4.70.1-py3-none-any.whl.metadata (57 kB)
     ━━━━━━━━━━━━━━━━━━━━━━━━━━━━━━━━━━━━━━━ 57.4/57.4 kB 348.7 MB/s eta 0:00:00
Collecting transformers==5.10.2 (from -r /data/zefan/open-jev-v8-linux-runtime-20261003/cpu-install-20261003T110248Z-6e0e0877072e2ff7/attempts/install-r1/pypi-75.lock (line 69))
  Downloading transformers-5.10.2-py3-none-any.whl.metadata (33 kB)
Collecting triton==3.4.0 (from -r /data/zefan/open-jev-v8-linux-runtime-20261003/cpu-install-20261003T110248Z-6e0e0877072e2ff7/attempts/install-r1/pypi-75.lock (line 70))
  Downloading triton-3.4.0-cp311-cp311-manylinux_2_27_x86_64.manylinux_2_28_x86_64.whl.metadata (1.7 kB)
Collecting typer==0.27.2 (from -r /data/zefan/open-jev-v8-linux-runtime-20261003/cpu-install-20261003T110248Z-6e0e0877072e2ff7/attempts/install-r1/pypi-75.lock (line 71))
  Downloading typer-0.27.2-py3-none-any.whl.metadata (16 kB)
Collecting typing-extensions==4.16.0 (from -r /data/zefan/open-jev-v8-linux-runtime-20261003/cpu-install-20261003T110248Z-6e0e0877072e2ff7/attempts/install-r1/pypi-75.lock (line 72))
  Downloading typing_extensions-4.16.0-py3-none-any.whl.metadata (3.3 kB)
Collecting urllib3==2.8.0 (from -r /data/zefan/open-jev-v8-linux-runtime-20261003/cpu-install-20261003T110248Z-6e0e0877072e2ff7/attempts/install-r1/pypi-75.lock (line 73))
  Downloading urllib3-2.8.0-py3-none-any.whl.metadata (7.4 kB)
Collecting xxhash==4.0.1 (from -r /data/zefan/open-jev-v8-linux-runtime-20261003/cpu-install-20261003T110248Z-6e0e0877072e2ff7/attempts/install-r1/pypi-75.lock (line 74))
  Downloading xxhash-4.0.1-cp311-cp311-manylinux2014_x86_64.manylinux_2_17_x86_64.manylinux_2_28_x86_64.whl.metadata (17 kB)
Collecting yarl==1.25.1 (from -r /data/zefan/open-jev-v8-linux-runtime-20261003/cpu-install-20261003T110248Z-6e0e0877072e2ff7/attempts/install-r1/pypi-75.lock (line 75))
  Downloading yarl-1.25.1-cp311-cp311-manylinux2014_x86_64.manylinux_2_17_x86_64.manylinux_2_28_x86_64.whl.metadata (111 kB)
     ━━━━━━━━━━━━━━━━━━━━━━━━━━━━━━━━━━━━━ 111.6/111.6 kB 429.4 MB/s eta 0:00:00
Downloading accelerate-1.13.0-py3-none-any.whl (383 kB)
   ━━━━━━━━━━━━━━━━━━━━━━━━━━━━━━━━━━━━━━━ 383.7/383.7 kB 229.9 MB/s eta 0:00:00
Downloading aiohappyeyeballs-2.7.1-py3-none-any.whl (15 kB)
Downloading aiohttp-3.14.3-cp311-cp311-manylinux2014_x86_64.manylinux_2_17_x86_64.manylinux_2_28_x86_64.whl (1.8 MB)
   ━━━━━━━━━━━━━━━━━━━━━━━━━━━━━━━━━━━━━━━━ 1.8/1.8 MB 478.3 MB/s eta 0:00:00
Downloading aiosignal-1.4.0-py3-none-any.whl (7.5 kB)
Downloading annotated_doc-0.0.5-py3-none-any.whl (5.3 kB)
Downloading anyio-4.15.1-py3-none-any.whl (132 kB)
   ━━━━━━━━━━━━━━━━━━━━━━━━━━━━━━━━━━━━━━━ 132.1/132.1 kB 407.2 MB/s eta 0:00:00
Downloading attrs-26.1.0-py3-none-any.whl (67 kB)
   ━━━━━━━━━━━━━━━━━━━━━━━━━━━━━━━━━━━━━━━━ 67.5/67.5 kB 370.5 MB/s eta 0:00:00
Downloading certifi-2026.7.22-py3-none-any.whl (136 kB)
   ━━━━━━━━━━━━━━━━━━━━━━━━━━━━━━━━━━━━━━━ 137.0/137.0 kB 397.2 MB/s eta 0:00:00
Downloading charset_normalizer-3.5.2-cp311-cp311-manylinux2014_x86_64.manylinux_2_17_x86_64.manylinux_2_28_x86_64.whl (269 kB)
   ━━━━━━━━━━━━━━━━━━━━━━━━━━━━━━━━━━━━━━━ 270.0/270.0 kB 424.2 MB/s eta 0:00:00
Downloading click-8.5.0-py3-none-any.whl (125 kB)
   ━━━━━━━━━━━━━━━━━━━━━━━━━━━━━━━━━━━━━━━ 125.3/125.3 kB 465.9 MB/s eta 0:00:00
Downloading datasets-5.0.0-py3-none-any.whl (555 kB)
   ━━━━━━━━━━━━━━━━━━━━━━━━━━━━━━━━━━━━━━━ 555.1/555.1 kB 472.0 MB/s eta 0:00:00
Downloading dill-0.4.1-py3-none-any.whl (120 kB)
   ━━━━━━━━━━━━━━━━━━━━━━━━━━━━━━━━━━━━━━━ 120.0/120.0 kB 427.8 MB/s eta 0:00:00
Downloading einops-0.8.2-py3-none-any.whl (65 kB)
   ━━━━━━━━━━━━━━━━━━━━━━━━━━━━━━━━━━━━━━━━ 65.6/65.6 kB 339.5 MB/s eta 0:00:00
Downloading filelock-3.32.3-py3-none-any.whl (98 kB)
   ━━━━━━━━━━━━━━━━━━━━━━━━━━━━━━━━━━━━━━━━ 98.9/98.9 kB 383.0 MB/s eta 0:00:00
Downloading fla_core-0.5.2-py3-none-any.whl (819 kB)
   ━━━━━━━━━━━━━━━━━━━━━━━━━━━━━━━━━━━━━━━ 819.2/819.2 kB 434.4 MB/s eta 0:00:00
Downloading flash_linear_attention-0.5.2-py3-none-any.whl (399 kB)
   ━━━━━━━━━━━━━━━━━━━━━━━━━━━━━━━━━━━━━━━ 399.6/399.6 kB 421.6 MB/s eta 0:00:00
Downloading frozenlist-1.8.0-cp311-cp311-manylinux1_x86_64.manylinux_2_28_x86_64.manylinux_2_5_x86_64.whl (231 kB)
   ━━━━━━━━━━━━━━━━━━━━━━━━━━━━━━━━━━━━━━━ 231.1/231.1 kB 419.5 MB/s eta 0:00:00
Downloading fsspec-2026.4.0-py3-none-any.whl (203 kB)
   ━━━━━━━━━━━━━━━━━━━━━━━━━━━━━━━━━━━━━━━ 203.4/203.4 kB 440.2 MB/s eta 0:00:00
Downloading h11-0.16.0-py3-none-any.whl (37 kB)
Downloading hf_xet-1.6.0-cp38-abi3-manylinux2014_x86_64.manylinux_2_17_x86_64.whl (4.5 MB)
   ━━━━━━━━━━━━━━━━━━━━━━━━━━━━━━━━━━━━━━━━ 4.5/4.5 MB 474.1 MB/s eta 0:00:00
Downloading httpcore-1.0.9-py3-none-any.whl (78 kB)
   ━━━━━━━━━━━━━━━━━━━━━━━━━━━━━━━━━━━━━━━━ 78.8/78.8 kB 373.7 MB/s eta 0:00:00
Downloading httpx-0.28.1-py3-none-any.whl (73 kB)
   ━━━━━━━━━━━━━━━━━━━━━━━━━━━━━━━━━━━━━━━━ 73.5/73.5 kB 383.6 MB/s eta 0:00:00
Downloading huggingface_hub-1.33.0-py3-none-any.whl (846 kB)
   ━━━━━━━━━━━━━━━━━━━━━━━━━━━━━━━━━━━━━━━ 846.4/846.4 kB 457.5 MB/s eta 0:00:00
Downloading idna-3.20-py3-none-any.whl (69 kB)
   ━━━━━━━━━━━━━━━━━━━━━━━━━━━━━━━━━━━━━━━━ 69.6/69.6 kB 371.2 MB/s eta 0:00:00
Downloading jinja2-3.1.6-py3-none-any.whl (134 kB)
   ━━━━━━━━━━━━━━━━━━━━━━━━━━━━━━━━━━━━━━━ 134.9/134.9 kB 407.6 MB/s eta 0:00:00
Downloading markdown_it_py-4.2.0-py3-none-any.whl (91 kB)
   ━━━━━━━━━━━━━━━━━━━━━━━━━━━━━━━━━━━━━━━━ 91.7/91.7 kB 356.3 MB/s eta 0:00:00
Downloading markupsafe-3.0.3-cp311-cp311-manylinux2014_x86_64.manylinux_2_17_x86_64.manylinux_2_28_x86_64.whl (22 kB)
Downloading mdurl-0.1.2-py3-none-any.whl (10.0 kB)
Downloading mpmath-1.3.0-py3-none-any.whl (536 kB)
   ━━━━━━━━━━━━━━━━━━━━━━━━━━━━━━━━━━━━━━━ 536.2/536.2 kB 448.1 MB/s eta 0:00:00
Downloading multidict-6.9.1-cp311-cp311-manylinux2014_x86_64.manylinux_2_17_x86_64.manylinux_2_28_x86_64.whl (320 kB)
   ━━━━━━━━━━━━━━━━━━━━━━━━━━━━━━━━━━━━━━━ 320.7/320.7 kB 456.9 MB/s eta 0:00:00
Downloading multiprocess-0.70.19-py311-none-any.whl (144 kB)
   ━━━━━━━━━━━━━━━━━━━━━━━━━━━━━━━━━━━━━━━ 144.5/144.5 kB 422.0 MB/s eta 0:00:00
Downloading networkx-3.6.1-py3-none-any.whl (2.1 MB)
   ━━━━━━━━━━━━━━━━━━━━━━━━━━━━━━━━━━━━━━━━ 2.1/2.1 MB 481.1 MB/s eta 0:00:00
Downloading ninja-1.13.0-py3-none-manylinux2014_x86_64.manylinux_2_17_x86_64.whl (180 kB)
   ━━━━━━━━━━━━━━━━━━━━━━━━━━━━━━━━━━━━━━━ 180.7/180.7 kB 453.1 MB/s eta 0:00:00
Downloading numpy-2.4.6-cp311-cp311-manylinux_2_27_x86_64.manylinux_2_28_x86_64.whl (16.9 MB)
   ━━━━━━━━━━━━━━━━━━━━━━━━━━━━━━━━━━━━━━━━ 16.9/16.9 MB 443.8 MB/s eta 0:00:00
Downloading nvidia_cublas_cu12-12.8.4.1-py3-none-manylinux_2_27_x86_64.whl (594.3 MB)
   ━━━━━━━━━━━━━━━━━━━━━━━━━━━━━━━━━━━━━━━ 594.3/594.3 MB 504.9 MB/s eta 0:00:00
Downloading nvidia_cuda_cupti_cu12-12.8.90-py3-none-manylinux2014_x86_64.manylinux_2_17_x86_64.whl (10.2 MB)
   ━━━━━━━━━━━━━━━━━━━━━━━━━━━━━━━━━━━━━━━━ 10.2/10.2 MB 485.0 MB/s eta 0:00:00
Downloading nvidia_cuda_nvrtc_cu12-12.8.93-py3-none-manylinux2010_x86_64.manylinux_2_12_x86_64.whl (88.0 MB)
   ━━━━━━━━━━━━━━━━━━━━━━━━━━━━━━━━━━━━━━━━ 88.0/88.0 MB 467.4 MB/s eta 0:00:00
Downloading nvidia_cuda_runtime_cu12-12.8.90-py3-none-manylinux2014_x86_64.manylinux_2_17_x86_64.whl (954 kB)
   ━━━━━━━━━━━━━━━━━━━━━━━━━━━━━━━━━━━━━━━ 954.8/954.8 kB 471.6 MB/s eta 0:00:00
Downloading nvidia_cudnn_cu12-9.10.2.21-py3-none-manylinux_2_27_x86_64.whl (706.8 MB)
   ━━━━━━━━━━━━━━━━━━━━━━━━━━━━━━━━━━━━━━━ 706.8/706.8 MB 521.7 MB/s eta 0:00:00
Downloading nvidia_cufft_cu12-11.3.3.83-py3-none-manylinux2014_x86_64.manylinux_2_17_x86_64.whl (193.1 MB)
   ━━━━━━━━━━━━━━━━━━━━━━━━━━━━━━━━━━━━━━━ 193.1/193.1 MB 527.7 MB/s eta 0:00:00
Downloading nvidia_cufile_cu12-1.13.1.3-py3-none-manylinux2014_x86_64.manylinux_2_17_x86_64.whl (1.2 MB)
   ━━━━━━━━━━━━━━━━━━━━━━━━━━━━━━━━━━━━━━━━ 1.2/1.2 MB 457.4 MB/s eta 0:00:00
Downloading nvidia_curand_cu12-10.3.9.90-py3-none-manylinux_2_27_x86_64.whl (63.6 MB)
   ━━━━━━━━━━━━━━━━━━━━━━━━━━━━━━━━━━━━━━━━ 63.6/63.6 MB 550.1 MB/s eta 0:00:00
Downloading nvidia_cusolver_cu12-11.7.3.90-py3-none-manylinux_2_27_x86_64.whl (267.5 MB)
   ━━━━━━━━━━━━━━━━━━━━━━━━━━━━━━━━━━━━━━━ 267.5/267.5 MB 521.8 MB/s eta 0:00:00
Downloading nvidia_cusparse_cu12-12.5.8.93-py3-none-manylinux2014_x86_64.manylinux_2_17_x86_64.whl (288.2 MB)
   ━━━━━━━━━━━━━━━━━━━━━━━━━━━━━━━━━━━━━━━ 288.2/288.2 MB 531.9 MB/s eta 0:00:00
Downloading nvidia_cusparselt_cu12-0.7.1-py3-none-manylinux2014_x86_64.whl (287.2 MB)
   ━━━━━━━━━━━━━━━━━━━━━━━━━━━━━━━━━━━━━━━ 287.2/287.2 MB 561.1 MB/s eta 0:00:00
Downloading nvidia_nccl_cu12-2.27.3-py3-none-manylinux2014_x86_64.manylinux_2_17_x86_64.whl (322.4 MB)
   ━━━━━━━━━━━━━━━━━━━━━━━━━━━━━━━━━━━━━━━ 322.4/322.4 MB 415.9 MB/s eta 0:00:00
Downloading nvidia_nvjitlink_cu12-12.8.93-py3-none-manylinux2010_x86_64.manylinux_2_12_x86_64.whl (39.3 MB)
   ━━━━━━━━━━━━━━━━━━━━━━━━━━━━━━━━━━━━━━━━ 39.3/39.3 MB 551.1 MB/s eta 0:00:00
Downloading nvidia_nvtx_cu12-12.8.90-py3-none-manylinux2014_x86_64.manylinux_2_17_x86_64.whl (89 kB)
   ━━━━━━━━━━━━━━━━━━━━━━━━━━━━━━━━━━━━━━━━ 90.0/90.0 kB 392.5 MB/s eta 0:00:00
Downloading packaging-26.3-py3-none-any.whl (129 kB)
   ━━━━━━━━━━━━━━━━━━━━━━━━━━━━━━━━━━━━━━━ 130.0/130.0 kB 440.1 MB/s eta 0:00:00
Downloading pandas-3.0.6-cp311-cp311-manylinux_2_24_x86_64.manylinux_2_28_x86_64.whl (11.1 MB)
   ━━━━━━━━━━━━━━━━━━━━━━━━━━━━━━━━━━━━━━━━ 11.1/11.1 MB 543.1 MB/s eta 0:00:00
Downloading peft-0.19.1-py3-none-any.whl (680 kB)
   ━━━━━━━━━━━━━━━━━━━━━━━━━━━━━━━━━━━━━━━ 680.7/680.7 kB 287.3 MB/s eta 0:00:00
Downloading pip-24.0-py3-none-any.whl (2.1 MB)
   ━━━━━━━━━━━━━━━━━━━━━━━━━━━━━━━━━━━━━━━━ 2.1/2.1 MB 536.6 MB/s eta 0:00:00
Downloading propcache-0.5.4-cp311-cp311-manylinux2014_x86_64.manylinux_2_17_x86_64.manylinux_2_28_x86_64.whl (235 kB)
   ━━━━━━━━━━━━━━━━━━━━━━━━━━━━━━━━━━━━━━━ 235.4/235.4 kB 494.2 MB/s eta 0:00:00
Downloading psutil-7.2.2-cp36-abi3-manylinux2010_x86_64.manylinux_2_12_x86_64.manylinux_2_28_x86_64.whl (155 kB)
   ━━━━━━━━━━━━━━━━━━━━━━━━━━━━━━━━━━━━━━━ 155.6/155.6 kB 493.5 MB/s eta 0:00:00
Downloading pyarrow-25.0.1-cp311-cp311-manylinux_2_28_x86_64.whl (50.1 MB)
   ━━━━━━━━━━━━━━━━━━━━━━━━━━━━━━━━━━━━━━━━ 50.1/50.1 MB 546.4 MB/s eta 0:00:00
Downloading pygments-2.21.0-py3-none-any.whl (1.3 MB)
   ━━━━━━━━━━━━━━━━━━━━━━━━━━━━━━━━━━━━━━━━ 1.3/1.3 MB 513.2 MB/s eta 0:00:00
Downloading python_dateutil-2.9.0.post0-py2.py3-none-any.whl (229 kB)
   ━━━━━━━━━━━━━━━━━━━━━━━━━━━━━━━━━━━━━━━ 229.9/229.9 kB 477.3 MB/s eta 0:00:00
Downloading pyyaml-6.0.3-cp311-cp311-manylinux2014_x86_64.manylinux_2_17_x86_64.manylinux_2_28_x86_64.whl (806 kB)
   ━━━━━━━━━━━━━━━━━━━━━━━━━━━━━━━━━━━━━━━ 806.6/806.6 kB 537.0 MB/s eta 0:00:00
Downloading regex-2026.9.29-cp311-cp311-manylinux2014_x86_64.manylinux_2_17_x86_64.manylinux_2_28_x86_64.whl (804 kB)
   ━━━━━━━━━━━━━━━━━━━━━━━━━━━━━━━━━━━━━━━ 805.0/805.0 kB 527.2 MB/s eta 0:00:00
Downloading requests-2.34.2-py3-none-any.whl (73 kB)
   ━━━━━━━━━━━━━━━━━━━━━━━━━━━━━━━━━━━━━━━━ 73.1/73.1 kB 435.2 MB/s eta 0:00:00
Downloading rich-15.0.0-py3-none-any.whl (310 kB)
   ━━━━━━━━━━━━━━━━━━━━━━━━━━━━━━━━━━━━━━━ 310.7/310.7 kB 515.5 MB/s eta 0:00:00
Downloading safetensors-0.7.0-cp38-abi3-manylinux_2_17_x86_64.manylinux2014_x86_64.whl (507 kB)
   ━━━━━━━━━━━━━━━━━━━━━━━━━━━━━━━━━━━━━━━ 507.2/507.2 kB 463.8 MB/s eta 0:00:00
Downloading setuptools-79.0.1-py3-none-any.whl (1.3 MB)
   ━━━━━━━━━━━━━━━━━━━━━━━━━━━━━━━━━━━━━━━━ 1.3/1.3 MB 494.6 MB/s eta 0:00:00
Downloading shellingham-1.5.4-py2.py3-none-any.whl (9.8 kB)
Downloading six-1.17.0-py2.py3-none-any.whl (11 kB)
Downloading sympy-1.14.0-py3-none-any.whl (6.3 MB)
   ━━━━━━━━━━━━━━━━━━━━━━━━━━━━━━━━━━━━━━━━ 6.3/6.3 MB 505.1 MB/s eta 0:00:00
Downloading tokenizers-0.22.2-cp39-abi3-manylinux_2_17_x86_64.manylinux2014_x86_64.whl (3.3 MB)
   ━━━━━━━━━━━━━━━━━━━━━━━━━━━━━━━━━━━━━━━━ 3.3/3.3 MB 501.1 MB/s eta 0:00:00
Downloading tqdm-4.70.1-py3-none-any.whl (80 kB)
   ━━━━━━━━━━━━━━━━━━━━━━━━━━━━━━━━━━━━━━━━ 80.2/80.2 kB 504.0 MB/s eta 0:00:00
Downloading transformers-5.10.2-py3-none-any.whl (11.0 MB)
   ━━━━━━━━━━━━━━━━━━━━━━━━━━━━━━━━━━━━━━━━ 11.0/11.0 MB 460.3 MB/s eta 0:00:00
Downloading triton-3.4.0-cp311-cp311-manylinux_2_27_x86_64.manylinux_2_28_x86_64.whl (155.5 MB)
   ━━━━━━━━━━━━━━━━━━━━━━━━━━━━━━━━━━━━━━━ 155.5/155.5 MB 357.5 MB/s eta 0:00:00
Downloading typer-0.27.2-py3-none-any.whl (123 kB)
   ━━━━━━━━━━━━━━━━━━━━━━━━━━━━━━━━━━━━━━━ 123.1/123.1 kB 457.8 MB/s eta 0:00:00
Downloading typing_extensions-4.16.0-py3-none-any.whl (45 kB)
   ━━━━━━━━━━━━━━━━━━━━━━━━━━━━━━━━━━━━━━━━ 45.6/45.6 kB 376.2 MB/s eta 0:00:00
Downloading urllib3-2.8.0-py3-none-any.whl (135 kB)
   ━━━━━━━━━━━━━━━━━━━━━━━━━━━━━━━━━━━━━━━ 135.7/135.7 kB 477.1 MB/s eta 0:00:00
Downloading xxhash-4.0.1-cp311-cp311-manylinux2014_x86_64.manylinux_2_17_x86_64.manylinux_2_28_x86_64.whl (261 kB)
   ━━━━━━━━━━━━━━━━━━━━━━━━━━━━━━━━━━━━━━━ 261.0/261.0 kB 485.5 MB/s eta 0:00:00
Downloading yarl-1.25.1-cp311-cp311-manylinux2014_x86_64.manylinux_2_17_x86_64.manylinux_2_28_x86_64.whl (117 kB)
   ━━━━━━━━━━━━━━━━━━━━━━━━━━━━━━━━━━━━━━━ 117.7/117.7 kB 438.0 MB/s eta 0:00:00
Installing collected packages: nvidia-cusparselt-cu12, mpmath, yarl, xxhash, urllib3, typing-extensions, typer, triton, transformers, tqdm, tokenizers, sympy, six, shellingham, setuptools, safetensors, rich, requests, regex, pyyaml, python-dateutil, pygments, pyarrow, psutil, propcache, pip, peft, pandas, packaging, nvidia-nvtx-cu12, nvidia-nvjitlink-cu12, nvidia-nccl-cu12, nvidia-cusparse-cu12, nvidia-cusolver-cu12, nvidia-curand-cu12, nvidia-cufile-cu12, nvidia-cufft-cu12, nvidia-cudnn-cu12, nvidia-cuda-runtime-cu12, nvidia-cuda-nvrtc-cu12, nvidia-cuda-cupti-cu12, nvidia-cublas-cu12, numpy, ninja, networkx, multiprocess, multidict, mdurl, markupsafe, markdown-it-py, jinja2, idna, huggingface-hub, httpx, httpcore, hf-xet, h11, fsspec, frozenlist, flash-linear-attention, fla-core, filelock, einops, dill, datasets, click, charset-normalizer, certifi, attrs, anyio, annotated-doc, aiosignal, aiohttp, aiohappyeyeballs, accelerate
  Attempting uninstall: setuptools
    Found existing installation: setuptools 79.0.1
    Uninstalling setuptools-79.0.1:
      Successfully uninstalled setuptools-79.0.1
  Attempting uninstall: pip
    Found existing installation: pip 24.0
    Uninstalling pip-24.0:
      Successfully uninstalled pip-24.0
Successfully installed accelerate-1.13.0 aiohappyeyeballs-2.7.1 aiohttp-3.14.3 aiosignal-1.4.0 annotated-doc-0.0.5 anyio-4.15.1 attrs-26.1.0 certifi-2026.7.22 charset-normalizer-3.5.2 click-8.5.0 datasets-5.0.0 dill-0.4.1 einops-0.8.2 filelock-3.32.3 fla-core-0.5.2 flash-linear-attention-0.5.2 frozenlist-1.8.0 fsspec-2026.4.0 h11-0.16.0 hf-xet-1.6.0 httpcore-1.0.9 httpx-0.28.1 huggingface-hub-1.33.0 idna-3.20 jinja2-3.1.6 markdown-it-py-4.2.0 markupsafe-3.0.3 mdurl-0.1.2 mpmath-1.3.0 multidict-6.9.1 multiprocess-0.70.19 networkx-3.6.1 ninja-1.13.0 numpy-2.4.6 nvidia-cublas-cu12-12.8.4.1 nvidia-cuda-cupti-cu12-12.8.90 nvidia-cuda-nvrtc-cu12-12.8.93 nvidia-cuda-runtime-cu12-12.8.90 nvidia-cudnn-cu12-9.10.2.21 nvidia-cufft-cu12-11.3.3.83 nvidia-cufile-cu12-1.13.1.3 nvidia-curand-cu12-10.3.9.90 nvidia-cusolver-cu12-11.7.3.90 nvidia-cusparse-cu12-12.5.8.93 nvidia-cusparselt-cu12-0.7.1 nvidia-nccl-cu12-2.27.3 nvidia-nvjitlink-cu12-12.8.93 nvidia-nvtx-cu12-12.8.90 packaging-26.3 pandas-3.0.6 peft-0.19.1 pip-24.0 propcache-0.5.4 psutil-7.2.2 pyarrow-25.0.1 pygments-2.21.0 python-dateutil-2.9.0.post0 pyyaml-6.0.3 regex-2026.9.29 requests-2.34.2 rich-15.0.0 safetensors-0.7.0 setuptools-79.0.1 shellingham-1.5.4 six-1.17.0 sympy-1.14.0 tokenizers-0.22.2 tqdm-4.70.1 transformers-5.10.2 triton-3.4.0 typer-0.27.2 typing-extensions-4.16.0 urllib3-2.8.0 xxhash-4.0.1 yarl-1.25.1
